Device: mlu
Config: epochs=5, batch_size=32, max_len=512, lr=0.0001
Tokenizer vocab size: 31
Loading sequences from /root/protein_plm/data/swissprot.fasta...
Loaded 456404 sequences (len 50-512)
Train: 433583 | Val: 22821
/torch/venv3/pytorch/lib/python3.10/site-packages/torch_mlu/mlu/__init__.py:379: UserWarning: Linear memory is not supported on this device. Falling back to common memory. (Triggered internally at /torch_mlu/torch_mlu/csrc/framework/core/caching_allocator.cpp:718.)
  torch_mlu._MLUC._mlu_init()
Model parameters: 9.6M
WandB: not installed, skipping

============================================================
Starting training from epoch 1, global_step 0
============================================================

Epoch 1/5
[2026-04-09 03:33:00.123553][CNNL][WARNING][651003][Card:0]: [cnnlFill_v3] is deprecated and will be removed in the future release, Use [cnnlFill_v4] instead.
/torch/venv3/pytorch/lib/python3.10/site-packages/torch/nn/functional.py:3479: UserWarning: The getTensorDesc function with on_chip_type parameter will be deprecated in CNNL v2.0  (Triggered internally at /torch_mlu/torch_mlu/csrc/aten/cnnl/cnnlTensorDesc.cpp:171.)
  return torch._C._nn.cross_entropy_loss(
  Val | loss=3.4340 | ppl=31.0
  LR: 0.00e+00
/torch/venv3/pytorch/lib/python3.10/site-packages/torch_mlu/mlu/storage.py:289: UserWarning: TypedStorage is deprecated. It will be removed in the future and UntypedStorage will be the only storage class. This should only matter to you if you are using storages directly.  To access UntypedStorage directly, use tensor.untyped_storage() instead of tensor.storage()
  if obj.device.type == "mlu" and obj.dtype in torch_64bit_dtypes:
[W409 03:34:11.221024239 init.cpp:1471] Warning: write_record(): Passing Storage by data pointer is deprecated and will be an error in the future, please pass the Storage object instead. (function operator())
  ✓ Saved: /root/protein_plm/output/checkpoint_epoch1.pt
  ✓ Best: /root/protein_plm/output/checkpoint_epoch1_best.pt
[2026-04-09 03:34:12.869488][CNNL][WARNING][651003][Card:0]: [cnnlMasked_v4] is deprecated and will be removed in the future release, Use [cnnlMasked_v5] instead.
  Step  100 | loss=3.4021 | ppl=30.0 | lr=1.00e-05 | throughput=30K tok/s | eta=2.0h
  Step  200 | loss=3.2230 | ppl=25.1 | lr=2.00e-05 | throughput=30K tok/s | eta=2.0h
  Step  300 | loss=2.8489 | ppl=17.3 | lr=3.00e-05 | throughput=30K tok/s | eta=2.0h
  Step  400 | loss=2.3876 | ppl=10.9 | lr=4.00e-05 | throughput=30K tok/s | eta=2.0h
  Step  500 | loss=1.7707 | ppl=5.9 | lr=5.00e-05 | throughput=30K tok/s | eta=2.0h
  Step  600 | loss=1.1180 | ppl=3.1 | lr=6.00e-05 | throughput=30K tok/s | eta=1.9h
  Step  700 | loss=0.6740 | ppl=2.0 | lr=7.00e-05 | throughput=30K tok/s | eta=1.9h
  Step  800 | loss=0.5275 | ppl=1.7 | lr=8.00e-05 | throughput=30K tok/s | eta=1.9h
  Step  900 | loss=0.4808 | ppl=1.6 | lr=9.00e-05 | throughput=30K tok/s | eta=1.9h
  Step 1000 | loss=0.4632 | ppl=1.6 | lr=1.00e-04 | throughput=30K tok/s | eta=1.9h
  Step 1100 | loss=0.4498 | ppl=1.6 | lr=1.00e-04 | throughput=30K tok/s | eta=1.9h
  Step 1200 | loss=0.4446 | ppl=1.6 | lr=1.00e-04 | throughput=30K tok/s | eta=1.9h
  Step 1300 | loss=0.4414 | ppl=1.6 | lr=1.00e-04 | throughput=30K tok/s | eta=1.8h
  Step 1400 | loss=0.4381 | ppl=1.5 | lr=1.00e-04 | throughput=30K tok/s | eta=1.8h
  Step 1500 | loss=0.4356 | ppl=1.5 | lr=1.00e-04 | throughput=30K tok/s | eta=1.8h
  Step 1600 | loss=0.4344 | ppl=1.5 | lr=1.00e-04 | throughput=30K tok/s | eta=1.8h
  Step 1700 | loss=0.4325 | ppl=1.5 | lr=1.00e-04 | throughput=30K tok/s | eta=1.8h
  Step 1800 | loss=0.4311 | ppl=1.5 | lr=1.00e-04 | throughput=30K tok/s | eta=1.8h
  Step 1900 | loss=0.4299 | ppl=1.5 | lr=1.00e-04 | throughput=30K tok/s | eta=1.8h
  Step 2000 | loss=0.4299 | ppl=1.5 | lr=9.99e-05 | throughput=30K tok/s | eta=1.7h
  Val | loss=0.4295 | ppl=1.5
  ✓ Saved: /root/protein_plm/output/checkpoint_step2000.pt
  ✓ Best: /root/protein_plm/output/checkpoint_step2000_best.pt
  Step 2100 | loss=0.4295 | ppl=1.5 | lr=9.99e-05 | throughput=13K tok/s | eta=4.0h
  Step 2200 | loss=0.4299 | ppl=1.5 | lr=9.99e-05 | throughput=30K tok/s | eta=1.7h
  Step 2300 | loss=0.4295 | ppl=1.5 | lr=9.99e-05 | throughput=30K tok/s | eta=1.7h
  Step 2400 | loss=0.4273 | ppl=1.5 | lr=9.99e-05 | throughput=30K tok/s | eta=1.7h
  Step 2500 | loss=0.4295 | ppl=1.5 | lr=9.99e-05 | throughput=30K tok/s | eta=1.7h
  Step 2600 | loss=0.4287 | ppl=1.5 | lr=9.99e-05 | throughput=30K tok/s | eta=1.6h
  Step 2700 | loss=0.4299 | ppl=1.5 | lr=9.98e-05 | throughput=30K tok/s | eta=1.6h
  Step 2800 | loss=0.4279 | ppl=1.5 | lr=9.98e-05 | throughput=30K tok/s | eta=1.6h
  Step 2900 | loss=0.4282 | ppl=1.5 | lr=9.98e-05 | throughput=30K tok/s | eta=1.6h
  Step 3000 | loss=0.4275 | ppl=1.5 | lr=9.98e-05 | throughput=30K tok/s | eta=1.6h
  Step 3100 | loss=0.4277 | ppl=1.5 | lr=9.98e-05 | throughput=30K tok/s | eta=1.6h
  Step 3200 | loss=0.4258 | ppl=1.5 | lr=9.97e-05 | throughput=30K tok/s | eta=1.6h
  Step 3300 | loss=0.4273 | ppl=1.5 | lr=9.97e-05 | throughput=30K tok/s | eta=1.5h
  Step 3400 | loss=0.4263 | ppl=1.5 | lr=9.97e-05 | throughput=30K tok/s | eta=1.5h
  Step 3500 | loss=0.4272 | ppl=1.5 | lr=9.97e-05 | throughput=30K tok/s | eta=1.5h
  Step 3600 | loss=0.4259 | ppl=1.5 | lr=9.96e-05 | throughput=30K tok/s | eta=1.5h
  Step 3700 | loss=0.4284 | ppl=1.5 | lr=9.96e-05 | throughput=30K tok/s | eta=1.5h
  Step 3800 | loss=0.4276 | ppl=1.5 | lr=9.96e-05 | throughput=30K tok/s | eta=1.5h
  Step 3900 | loss=0.4255 | ppl=1.5 | lr=9.95e-05 | throughput=30K tok/s | eta=1.5h
  Step 4000 | loss=0.4260 | ppl=1.5 | lr=9.95e-05 | throughput=30K tok/s | eta=1.4h
  Val | loss=0.4264 | ppl=1.5
  ✓ Saved: /root/protein_plm/output/checkpoint_step4000.pt
  ✓ Best: /root/protein_plm/output/checkpoint_step4000_best.pt
  Step 4100 | loss=0.4262 | ppl=1.5 | lr=9.95e-05 | throughput=13K tok/s | eta=3.3h
  Step 4200 | loss=0.4265 | ppl=1.5 | lr=9.94e-05 | throughput=30K tok/s | eta=1.4h
  Step 4300 | loss=0.4268 | ppl=1.5 | lr=9.94e-05 | throughput=30K tok/s | eta=1.4h
  Step 4400 | loss=0.4267 | ppl=1.5 | lr=9.94e-05 | throughput=30K tok/s | eta=1.4h
  Step 4500 | loss=0.4279 | ppl=1.5 | lr=9.93e-05 | throughput=30K tok/s | eta=1.4h
  Step 4600 | loss=0.4251 | ppl=1.5 | lr=9.93e-05 | throughput=30K tok/s | eta=1.4h
  Step 4700 | loss=0.4269 | ppl=1.5 | lr=9.92e-05 | throughput=30K tok/s | eta=1.3h
  Step 4800 | loss=0.4257 | ppl=1.5 | lr=9.92e-05 | throughput=30K tok/s | eta=1.3h
  Step 4900 | loss=0.4260 | ppl=1.5 | lr=9.92e-05 | throughput=30K tok/s | eta=1.3h
  Step 5000 | loss=0.4243 | ppl=1.5 | lr=9.91e-05 | throughput=30K tok/s | eta=1.3h
  Step 5100 | loss=0.4282 | ppl=1.5 | lr=9.91e-05 | throughput=30K tok/s | eta=1.3h
  Step 5200 | loss=0.4262 | ppl=1.5 | lr=9.90e-05 | throughput=30K tok/s | eta=1.3h
  Step 5300 | loss=0.4274 | ppl=1.5 | lr=9.90e-05 | throughput=30K tok/s | eta=1.2h
  Step 5400 | loss=0.4265 | ppl=1.5 | lr=9.89e-05 | throughput=30K tok/s | eta=1.2h
  Step 5500 | loss=0.4268 | ppl=1.5 | lr=9.89e-05 | throughput=30K tok/s | eta=1.2h
  Step 5600 | loss=0.4276 | ppl=1.5 | lr=9.88e-05 | throughput=30K tok/s | eta=1.2h
  Step 5700 | loss=0.4254 | ppl=1.5 | lr=9.88e-05 | throughput=30K tok/s | eta=1.2h
  Step 5800 | loss=0.4265 | ppl=1.5 | lr=9.87e-05 | throughput=30K tok/s | eta=1.2h
  Step 5900 | loss=0.4248 | ppl=1.5 | lr=9.87e-05 | throughput=30K tok/s | eta=1.2h
  Step 6000 | loss=0.4264 | ppl=1.5 | lr=9.86e-05 | throughput=30K tok/s | eta=1.1h
  Val | loss=0.4251 | ppl=1.5
  ✓ Saved: /root/protein_plm/output/checkpoint_step6000.pt
  ✓ Best: /root/protein_plm/output/checkpoint_step6000_best.pt
  Step 6100 | loss=0.4259 | ppl=1.5 | lr=9.86e-05 | throughput=13K tok/s | eta=2.6h
  Step 6200 | loss=0.4251 | ppl=1.5 | lr=9.85e-05 | throughput=30K tok/s | eta=1.1h
  Step 6300 | loss=0.4272 | ppl=1.5 | lr=9.85e-05 | throughput=30K tok/s | eta=1.1h
  Step 6400 | loss=0.4243 | ppl=1.5 | lr=9.84e-05 | throughput=30K tok/s | eta=1.1h
  Step 6500 | loss=0.4263 | ppl=1.5 | lr=9.83e-05 | throughput=30K tok/s | eta=1.1h
  Step 6600 | loss=0.4248 | ppl=1.5 | lr=9.83e-05 | throughput=30K tok/s | eta=1.1h
  Step 6700 | loss=0.4239 | ppl=1.5 | lr=9.82e-05 | throughput=30K tok/s | eta=1.0h
  Step 6800 | loss=0.4257 | ppl=1.5 | lr=9.81e-05 | throughput=30K tok/s | eta=1.0h
  Step 6900 | loss=0.4255 | ppl=1.5 | lr=9.81e-05 | throughput=30K tok/s | eta=1.0h
  Step 7000 | loss=0.4266 | ppl=1.5 | lr=9.80e-05 | throughput=30K tok/s | eta=1.0h
  Step 7100 | loss=0.4250 | ppl=1.5 | lr=9.80e-05 | throughput=30K tok/s | eta=1.0h
  Step 7200 | loss=0.4249 | ppl=1.5 | lr=9.79e-05 | throughput=30K tok/s | eta=1.0h
  Step 7300 | loss=0.4257 | ppl=1.5 | lr=9.78e-05 | throughput=30K tok/s | eta=0.9h
  Step 7400 | loss=0.4255 | ppl=1.5 | lr=9.77e-05 | throughput=30K tok/s | eta=0.9h
  Step 7500 | loss=0.4253 | ppl=1.5 | lr=9.77e-05 | throughput=30K tok/s | eta=0.9h
  Step 7600 | loss=0.4244 | ppl=1.5 | lr=9.76e-05 | throughput=30K tok/s | eta=0.9h
  Step 7700 | loss=0.4245 | ppl=1.5 | lr=9.75e-05 | throughput=30K tok/s | eta=0.9h
  Step 7800 | loss=0.4265 | ppl=1.5 | lr=9.75e-05 | throughput=30K tok/s | eta=0.9h
  Step 7900 | loss=0.4234 | ppl=1.5 | lr=9.74e-05 | throughput=30K tok/s | eta=0.8h
  Step 8000 | loss=0.4260 | ppl=1.5 | lr=9.73e-05 | throughput=30K tok/s | eta=0.8h
  Val | loss=0.4253 | ppl=1.5
  ✓ Saved: /root/protein_plm/output/checkpoint_step8000.pt
  Step 8100 | loss=0.4244 | ppl=1.5 | lr=9.72e-05 | throughput=13K tok/s | eta=1.9h
  Step 8200 | loss=0.4252 | ppl=1.5 | lr=9.72e-05 | throughput=30K tok/s | eta=0.8h
  Step 8300 | loss=0.4259 | ppl=1.5 | lr=9.71e-05 | throughput=30K tok/s | eta=0.8h
  Step 8400 | loss=0.4236 | ppl=1.5 | lr=9.70e-05 | throughput=30K tok/s | eta=0.8h
  Step 8500 | loss=0.4268 | ppl=1.5 | lr=9.69e-05 | throughput=30K tok/s | eta=0.8h
  Step 8600 | loss=0.4262 | ppl=1.5 | lr=9.68e-05 | throughput=30K tok/s | eta=0.7h
  Step 8700 | loss=0.4261 | ppl=1.5 | lr=9.68e-05 | throughput=30K tok/s | eta=0.7h
  Step 8800 | loss=0.4261 | ppl=1.5 | lr=9.67e-05 | throughput=30K tok/s | eta=0.7h
  Step 8900 | loss=0.4252 | ppl=1.5 | lr=9.66e-05 | throughput=30K tok/s | eta=0.7h
  Step 9000 | loss=0.4233 | ppl=1.5 | lr=9.65e-05 | throughput=30K tok/s | eta=0.7h
  Step 9100 | loss=0.4220 | ppl=1.5 | lr=9.64e-05 | throughput=30K tok/s | eta=0.7h
  Step 9200 | loss=0.4249 | ppl=1.5 | lr=9.63e-05 | throughput=30K tok/s | eta=0.7h
  Step 9300 | loss=0.4250 | ppl=1.5 | lr=9.62e-05 | throughput=30K tok/s | eta=0.6h
  Step 9400 | loss=0.4242 | ppl=1.5 | lr=9.61e-05 | throughput=30K tok/s | eta=0.6h
  Step 9500 | loss=0.4254 | ppl=1.5 | lr=9.61e-05 | throughput=30K tok/s | eta=0.6h
  Step 9600 | loss=0.4243 | ppl=1.5 | lr=9.60e-05 | throughput=30K tok/s | eta=0.6h
  Step 9700 | loss=0.4243 | ppl=1.5 | lr=9.59e-05 | throughput=30K tok/s | eta=0.6h
  Step 9800 | loss=0.4236 | ppl=1.5 | lr=9.58e-05 | throughput=30K tok/s | eta=0.6h
  Step 9900 | loss=0.4232 | ppl=1.5 | lr=9.57e-05 | throughput=30K tok/s | eta=0.6h
  Step 10000 | loss=0.4267 | ppl=1.5 | lr=9.56e-05 | throughput=30K tok/s | eta=0.5h
  Val | loss=0.4233 | ppl=1.5
  ✓ Saved: /root/protein_plm/output/checkpoint_step10000.pt
  ✓ Best: /root/protein_plm/output/checkpoint_step10000_best.pt
  Step 10100 | loss=0.4246 | ppl=1.5 | lr=9.55e-05 | throughput=13K tok/s | eta=1.2h
  Step 10200 | loss=0.4255 | ppl=1.5 | lr=9.54e-05 | throughput=30K tok/s | eta=0.5h
  Step 10300 | loss=0.4256 | ppl=1.5 | lr=9.53e-05 | throughput=30K tok/s | eta=0.5h
  Step 10400 | loss=0.4243 | ppl=1.5 | lr=9.52e-05 | throughput=30K tok/s | eta=0.5h
  Step 10500 | loss=0.4232 | ppl=1.5 | lr=9.51e-05 | throughput=30K tok/s | eta=0.5h
  Step 10600 | loss=0.4259 | ppl=1.5 | lr=9.50e-05 | throughput=30K tok/s | eta=0.4h
  Step 10700 | loss=0.4230 | ppl=1.5 | lr=9.49e-05 | throughput=30K tok/s | eta=0.4h
  Step 10800 | loss=0.4254 | ppl=1.5 | lr=9.48e-05 | throughput=30K tok/s | eta=0.4h
  Step 10900 | loss=0.4250 | ppl=1.5 | lr=9.47e-05 | throughput=30K tok/s | eta=0.4h
  Step 11000 | loss=0.4252 | ppl=1.5 | lr=9.46e-05 | throughput=30K tok/s | eta=0.4h
  Step 11100 | loss=0.4262 | ppl=1.5 | lr=9.45e-05 | throughput=30K tok/s | eta=0.4h
  Step 11200 | loss=0.4228 | ppl=1.5 | lr=9.43e-05 | throughput=30K tok/s | eta=0.4h
  Step 11300 | loss=0.4231 | ppl=1.5 | lr=9.42e-05 | throughput=30K tok/s | eta=0.3h
  Step 11400 | loss=0.4225 | ppl=1.5 | lr=9.41e-05 | throughput=30K tok/s | eta=0.3h
  Step 11500 | loss=0.4223 | ppl=1.5 | lr=9.40e-05 | throughput=30K tok/s | eta=0.3h
  Step 11600 | loss=0.4211 | ppl=1.5 | lr=9.39e-05 | throughput=30K tok/s | eta=0.3h
  Step 11700 | loss=0.4246 | ppl=1.5 | lr=9.38e-05 | throughput=30K tok/s | eta=0.3h
  Step 11800 | loss=0.4219 | ppl=1.5 | lr=9.37e-05 | throughput=30K tok/s | eta=0.3h
  Step 11900 | loss=0.4245 | ppl=1.5 | lr=9.36e-05 | throughput=30K tok/s | eta=0.2h
  Step 12000 | loss=0.4223 | ppl=1.5 | lr=9.34e-05 | throughput=30K tok/s | eta=0.2h
  Val | loss=0.4224 | ppl=1.5
  ✓ Saved: /root/protein_plm/output/checkpoint_step12000.pt
  ✓ Best: /root/protein_plm/output/checkpoint_step12000_best.pt
  Step 12100 | loss=0.4229 | ppl=1.5 | lr=9.33e-05 | throughput=13K tok/s | eta=0.5h
  Step 12200 | loss=0.4253 | ppl=1.5 | lr=9.32e-05 | throughput=30K tok/s | eta=0.2h
  Step 12300 | loss=0.4242 | ppl=1.5 | lr=9.31e-05 | throughput=30K tok/s | eta=0.2h
  Step 12400 | loss=0.4244 | ppl=1.5 | lr=9.30e-05 | throughput=30K tok/s | eta=0.2h
  Step 12500 | loss=0.4245 | ppl=1.5 | lr=9.29e-05 | throughput=30K tok/s | eta=0.2h
  Step 12600 | loss=0.4240 | ppl=1.5 | lr=9.27e-05 | throughput=30K tok/s | eta=0.1h
  Step 12700 | loss=0.4210 | ppl=1.5 | lr=9.26e-05 | throughput=30K tok/s | eta=0.1h
  Step 12800 | loss=0.4234 | ppl=1.5 | lr=9.25e-05 | throughput=30K tok/s | eta=0.1h
  Step 12900 | loss=0.4232 | ppl=1.5 | lr=9.24e-05 | throughput=30K tok/s | eta=0.1h
  Step 13000 | loss=0.4236 | ppl=1.5 | lr=9.22e-05 | throughput=30K tok/s | eta=0.1h
  Step 13100 | loss=0.4211 | ppl=1.5 | lr=9.21e-05 | throughput=30K tok/s | eta=0.1h
  Step 13200 | loss=0.4224 | ppl=1.5 | lr=9.20e-05 | throughput=30K tok/s | eta=0.1h
  Step 13300 | loss=0.4237 | ppl=1.5 | lr=9.19e-05 | throughput=30K tok/s | eta=0.0h
  Step 13400 | loss=0.4249 | ppl=1.5 | lr=9.17e-05 | throughput=30K tok/s | eta=0.0h
  Step 13500 | loss=0.4231 | ppl=1.5 | lr=9.16e-05 | throughput=30K tok/s | eta=0.0h

  Train (epoch avg) | loss=0.4195

Epoch 2/5
  Val | loss=0.4233 | ppl=1.5
  LR: 9.15e-05
  ✓ Saved: /root/protein_plm/output/checkpoint_epoch2.pt
  Step  100 | loss=0.4254 | ppl=1.5 | lr=9.14e-05 | throughput=30K tok/s | eta=2.1h
  Step  200 | loss=0.4240 | ppl=1.5 | lr=9.13e-05 | throughput=30K tok/s | eta=2.0h
  Step  300 | loss=0.4241 | ppl=1.5 | lr=9.11e-05 | throughput=30K tok/s | eta=2.0h
  Step  400 | loss=0.4235 | ppl=1.5 | lr=9.10e-05 | throughput=30K tok/s | eta=2.0h
  Val | loss=0.4226 | ppl=1.5
  ✓ Saved: /root/protein_plm/output/checkpoint_step14000.pt
  Step  500 | loss=0.4252 | ppl=1.5 | lr=9.09e-05 | throughput=13K tok/s | eta=4.5h
  Step  600 | loss=0.4236 | ppl=1.5 | lr=9.07e-05 | throughput=30K tok/s | eta=1.9h
  Step  700 | loss=0.4235 | ppl=1.5 | lr=9.06e-05 | throughput=30K tok/s | eta=1.9h
  Step  800 | loss=0.4232 | ppl=1.5 | lr=9.05e-05 | throughput=30K tok/s | eta=1.9h
  Step  900 | loss=0.4243 | ppl=1.5 | lr=9.03e-05 | throughput=30K tok/s | eta=1.9h
  Step 1000 | loss=0.4227 | ppl=1.5 | lr=9.02e-05 | throughput=30K tok/s | eta=1.9h
  Step 1100 | loss=0.4214 | ppl=1.5 | lr=9.00e-05 | throughput=30K tok/s | eta=1.9h
  Step 1200 | loss=0.4207 | ppl=1.5 | lr=8.99e-05 | throughput=30K tok/s | eta=1.9h
  Step 1300 | loss=0.4239 | ppl=1.5 | lr=8.97e-05 | throughput=30K tok/s | eta=1.8h
  Step 1400 | loss=0.4218 | ppl=1.5 | lr=8.96e-05 | throughput=30K tok/s | eta=1.8h
  Step 1500 | loss=0.4223 | ppl=1.5 | lr=8.95e-05 | throughput=30K tok/s | eta=1.8h
  Step 1600 | loss=0.4235 | ppl=1.5 | lr=8.93e-05 | throughput=30K tok/s | eta=1.8h
  Step 1700 | loss=0.4238 | ppl=1.5 | lr=8.92e-05 | throughput=30K tok/s | eta=1.8h
  Step 1800 | loss=0.4230 | ppl=1.5 | lr=8.90e-05 | throughput=30K tok/s | eta=1.8h
  Step 1900 | loss=0.4225 | ppl=1.5 | lr=8.89e-05 | throughput=30K tok/s | eta=1.8h
  Step 2000 | loss=0.4238 | ppl=1.5 | lr=8.87e-05 | throughput=30K tok/s | eta=1.7h
  Step 2100 | loss=0.4218 | ppl=1.5 | lr=8.86e-05 | throughput=30K tok/s | eta=1.7h
  Step 2200 | loss=0.4255 | ppl=1.5 | lr=8.84e-05 | throughput=30K tok/s | eta=1.7h
  Step 2300 | loss=0.4210 | ppl=1.5 | lr=8.83e-05 | throughput=30K tok/s | eta=1.7h
  Step 2400 | loss=0.4246 | ppl=1.5 | lr=8.81e-05 | throughput=30K tok/s | eta=1.7h
  Val | loss=0.4227 | ppl=1.5
  ✓ Saved: /root/protein_plm/output/checkpoint_step16000.pt
  Step 2500 | loss=0.4224 | ppl=1.5 | lr=8.80e-05 | throughput=13K tok/s | eta=3.8h
  Step 2600 | loss=0.4216 | ppl=1.5 | lr=8.78e-05 | throughput=30K tok/s | eta=1.7h
  Step 2700 | loss=0.4247 | ppl=1.5 | lr=8.77e-05 | throughput=30K tok/s | eta=1.6h
  Step 2800 | loss=0.4219 | ppl=1.5 | lr=8.75e-05 | throughput=30K tok/s | eta=1.6h
  Step 2900 | loss=0.4211 | ppl=1.5 | lr=8.74e-05 | throughput=30K tok/s | eta=1.6h
  Step 3000 | loss=0.4234 | ppl=1.5 | lr=8.72e-05 | throughput=30K tok/s | eta=1.6h
  Step 3100 | loss=0.4244 | ppl=1.5 | lr=8.70e-05 | throughput=30K tok/s | eta=1.6h
  Step 3200 | loss=0.4243 | ppl=1.5 | lr=8.69e-05 | throughput=30K tok/s | eta=1.6h
  Step 3300 | loss=0.4220 | ppl=1.5 | lr=8.67e-05 | throughput=30K tok/s | eta=1.5h
  Step 3400 | loss=0.4241 | ppl=1.5 | lr=8.66e-05 | throughput=30K tok/s | eta=1.5h
  Step 3500 | loss=0.4237 | ppl=1.5 | lr=8.64e-05 | throughput=30K tok/s | eta=1.5h
  Step 3600 | loss=0.4244 | ppl=1.5 | lr=8.62e-05 | throughput=30K tok/s | eta=1.5h
  Step 3700 | loss=0.4214 | ppl=1.5 | lr=8.61e-05 | throughput=30K tok/s | eta=1.5h
  Step 3800 | loss=0.4248 | ppl=1.5 | lr=8.59e-05 | throughput=30K tok/s | eta=1.5h
  Step 3900 | loss=0.4224 | ppl=1.5 | lr=8.57e-05 | throughput=30K tok/s | eta=1.5h
  Step 4000 | loss=0.4231 | ppl=1.5 | lr=8.56e-05 | throughput=30K tok/s | eta=1.4h
  Step 4100 | loss=0.4257 | ppl=1.5 | lr=8.54e-05 | throughput=30K tok/s | eta=1.4h
  Step 4200 | loss=0.4217 | ppl=1.5 | lr=8.53e-05 | throughput=30K tok/s | eta=1.4h
  Step 4300 | loss=0.4223 | ppl=1.5 | lr=8.51e-05 | throughput=30K tok/s | eta=1.4h
  Step 4400 | loss=0.4237 | ppl=1.5 | lr=8.49e-05 | throughput=30K tok/s | eta=1.4h
  Val | loss=0.4232 | ppl=1.5
  ✓ Saved: /root/protein_plm/output/checkpoint_step18000.pt
  Step 4500 | loss=0.4220 | ppl=1.5 | lr=8.47e-05 | throughput=13K tok/s | eta=3.1h
  Step 4600 | loss=0.4213 | ppl=1.5 | lr=8.46e-05 | throughput=30K tok/s | eta=1.3h
  Step 4700 | loss=0.4235 | ppl=1.5 | lr=8.44e-05 | throughput=30K tok/s | eta=1.3h
  Step 4800 | loss=0.4221 | ppl=1.5 | lr=8.42e-05 | throughput=30K tok/s | eta=1.3h
  Step 4900 | loss=0.4266 | ppl=1.5 | lr=8.41e-05 | throughput=30K tok/s | eta=1.3h
  Step 5000 | loss=0.4227 | ppl=1.5 | lr=8.39e-05 | throughput=30K tok/s | eta=1.3h
  Step 5100 | loss=0.4238 | ppl=1.5 | lr=8.37e-05 | throughput=30K tok/s | eta=1.3h
  Step 5200 | loss=0.4214 | ppl=1.5 | lr=8.35e-05 | throughput=30K tok/s | eta=1.3h
  Step 5300 | loss=0.4243 | ppl=1.5 | lr=8.34e-05 | throughput=30K tok/s | eta=1.2h
  Step 5400 | loss=0.4240 | ppl=1.5 | lr=8.32e-05 | throughput=30K tok/s | eta=1.2h
  Step 5500 | loss=0.4219 | ppl=1.5 | lr=8.30e-05 | throughput=30K tok/s | eta=1.2h
  Step 5600 | loss=0.4226 | ppl=1.5 | lr=8.28e-05 | throughput=30K tok/s | eta=1.2h
  Step 5700 | loss=0.4240 | ppl=1.5 | lr=8.27e-05 | throughput=30K tok/s | eta=1.2h
  Step 5800 | loss=0.4247 | ppl=1.5 | lr=8.25e-05 | throughput=30K tok/s | eta=1.2h
  Step 5900 | loss=0.4227 | ppl=1.5 | lr=8.23e-05 | throughput=30K tok/s | eta=1.2h
  Step 6000 | loss=0.4241 | ppl=1.5 | lr=8.21e-05 | throughput=30K tok/s | eta=1.1h
  Step 6100 | loss=0.4203 | ppl=1.5 | lr=8.19e-05 | throughput=30K tok/s | eta=1.1h
  Step 6200 | loss=0.4263 | ppl=1.5 | lr=8.18e-05 | throughput=30K tok/s | eta=1.1h
  Step 6300 | loss=0.4243 | ppl=1.5 | lr=8.16e-05 | throughput=30K tok/s | eta=1.1h
  Step 6400 | loss=0.4252 | ppl=1.5 | lr=8.14e-05 | throughput=30K tok/s | eta=1.1h
  Val | loss=0.4220 | ppl=1.5
  ✓ Saved: /root/protein_plm/output/checkpoint_step20000.pt
  ✓ Best: /root/protein_plm/output/checkpoint_step20000_best.pt
  Step 6500 | loss=0.4235 | ppl=1.5 | lr=8.12e-05 | throughput=13K tok/s | eta=2.4h
  Step 6600 | loss=0.4239 | ppl=1.5 | lr=8.10e-05 | throughput=30K tok/s | eta=1.0h
  Step 6700 | loss=0.4242 | ppl=1.5 | lr=8.08e-05 | throughput=30K tok/s | eta=1.0h
  Step 6800 | loss=0.4235 | ppl=1.5 | lr=8.07e-05 | throughput=30K tok/s | eta=1.0h
  Step 6900 | loss=0.4206 | ppl=1.5 | lr=8.05e-05 | throughput=30K tok/s | eta=1.0h
  Step 7000 | loss=0.4219 | ppl=1.5 | lr=8.03e-05 | throughput=30K tok/s | eta=1.0h
  Step 7100 | loss=0.4225 | ppl=1.5 | lr=8.01e-05 | throughput=30K tok/s | eta=1.0h
  Step 7200 | loss=0.4220 | ppl=1.5 | lr=7.99e-05 | throughput=30K tok/s | eta=1.0h
  Step 7300 | loss=0.4259 | ppl=1.5 | lr=7.97e-05 | throughput=30K tok/s | eta=0.9h
  Step 7400 | loss=0.4219 | ppl=1.5 | lr=7.95e-05 | throughput=30K tok/s | eta=0.9h
  Step 7500 | loss=0.4234 | ppl=1.5 | lr=7.93e-05 | throughput=30K tok/s | eta=0.9h
  Step 7600 | loss=0.4228 | ppl=1.5 | lr=7.91e-05 | throughput=30K tok/s | eta=0.9h
  Step 7700 | loss=0.4232 | ppl=1.5 | lr=7.90e-05 | throughput=30K tok/s | eta=0.9h
  Step 7800 | loss=0.4219 | ppl=1.5 | lr=7.88e-05 | throughput=30K tok/s | eta=0.9h
  Step 7900 | loss=0.4216 | ppl=1.5 | lr=7.86e-05 | throughput=30K tok/s | eta=0.9h
  Step 8000 | loss=0.4234 | ppl=1.5 | lr=7.84e-05 | throughput=30K tok/s | eta=0.8h
  Step 8100 | loss=0.4214 | ppl=1.5 | lr=7.82e-05 | throughput=30K tok/s | eta=0.8h
  Step 8200 | loss=0.4232 | ppl=1.5 | lr=7.80e-05 | throughput=30K tok/s | eta=0.8h
  Step 8300 | loss=0.4228 | ppl=1.5 | lr=7.78e-05 | throughput=30K tok/s | eta=0.8h
  Step 8400 | loss=0.4220 | ppl=1.5 | lr=7.76e-05 | throughput=30K tok/s | eta=0.8h
  Val | loss=0.4214 | ppl=1.5
  ✓ Saved: /root/protein_plm/output/checkpoint_step22000.pt
  ✓ Best: /root/protein_plm/output/checkpoint_step22000_best.pt
  Step 8500 | loss=0.4225 | ppl=1.5 | lr=7.74e-05 | throughput=13K tok/s | eta=1.7h
  Step 8600 | loss=0.4236 | ppl=1.5 | lr=7.72e-05 | throughput=30K tok/s | eta=0.7h
  Step 8700 | loss=0.4241 | ppl=1.5 | lr=7.70e-05 | throughput=30K tok/s | eta=0.7h
  Step 8800 | loss=0.4215 | ppl=1.5 | lr=7.68e-05 | throughput=30K tok/s | eta=0.7h
  Step 8900 | loss=0.4229 | ppl=1.5 | lr=7.66e-05 | throughput=30K tok/s | eta=0.7h
  Step 9000 | loss=0.4206 | ppl=1.5 | lr=7.64e-05 | throughput=30K tok/s | eta=0.7h
  Step 9100 | loss=0.4215 | ppl=1.5 | lr=7.62e-05 | throughput=30K tok/s | eta=0.7h
  Step 9200 | loss=0.4215 | ppl=1.5 | lr=7.60e-05 | throughput=30K tok/s | eta=0.7h
  Step 9300 | loss=0.4221 | ppl=1.5 | lr=7.58e-05 | throughput=30K tok/s | eta=0.6h
  Step 9400 | loss=0.4219 | ppl=1.5 | lr=7.56e-05 | throughput=30K tok/s | eta=0.6h
  Step 9500 | loss=0.4227 | ppl=1.5 | lr=7.54e-05 | throughput=30K tok/s | eta=0.6h
  Step 9600 | loss=0.4217 | ppl=1.5 | lr=7.52e-05 | throughput=30K tok/s | eta=0.6h
  Step 9700 | loss=0.4233 | ppl=1.5 | lr=7.50e-05 | throughput=30K tok/s | eta=0.6h
  Step 9800 | loss=0.4221 | ppl=1.5 | lr=7.48e-05 | throughput=30K tok/s | eta=0.6h
  Step 9900 | loss=0.4236 | ppl=1.5 | lr=7.46e-05 | throughput=30K tok/s | eta=0.6h
  Step 10000 | loss=0.4227 | ppl=1.5 | lr=7.44e-05 | throughput=30K tok/s | eta=0.5h
  Step 10100 | loss=0.4210 | ppl=1.5 | lr=7.42e-05 | throughput=30K tok/s | eta=0.5h
  Step 10200 | loss=0.4224 | ppl=1.5 | lr=7.40e-05 | throughput=30K tok/s | eta=0.5h
  Step 10300 | loss=0.4220 | ppl=1.5 | lr=7.38e-05 | throughput=30K tok/s | eta=0.5h
  Step 10400 | loss=0.4251 | ppl=1.5 | lr=7.36e-05 | throughput=30K tok/s | eta=0.5h
  Val | loss=0.4215 | ppl=1.5
  ✓ Saved: /root/protein_plm/output/checkpoint_step24000.pt
  Step 10500 | loss=0.4213 | ppl=1.5 | lr=7.34e-05 | throughput=13K tok/s | eta=1.0h
  Step 10600 | loss=0.4232 | ppl=1.5 | lr=7.31e-05 | throughput=30K tok/s | eta=0.4h
  Step 10700 | loss=0.4223 | ppl=1.5 | lr=7.29e-05 | throughput=30K tok/s | eta=0.4h
  Step 10800 | loss=0.4236 | ppl=1.5 | lr=7.27e-05 | throughput=30K tok/s | eta=0.4h
  Step 10900 | loss=0.4221 | ppl=1.5 | lr=7.25e-05 | throughput=30K tok/s | eta=0.4h
  Step 11000 | loss=0.4226 | ppl=1.5 | lr=7.23e-05 | throughput=30K tok/s | eta=0.4h
  Step 11100 | loss=0.4224 | ppl=1.5 | lr=7.21e-05 | throughput=30K tok/s | eta=0.4h
  Step 11200 | loss=0.4260 | ppl=1.5 | lr=7.19e-05 | throughput=30K tok/s | eta=0.4h
  Step 11300 | loss=0.4211 | ppl=1.5 | lr=7.17e-05 | throughput=30K tok/s | eta=0.3h
  Step 11400 | loss=0.4207 | ppl=1.5 | lr=7.15e-05 | throughput=30K tok/s | eta=0.3h
  Step 11500 | loss=0.4214 | ppl=1.5 | lr=7.12e-05 | throughput=30K tok/s | eta=0.3h
  Step 11600 | loss=0.4230 | ppl=1.5 | lr=7.10e-05 | throughput=30K tok/s | eta=0.3h
  Step 11700 | loss=0.4226 | ppl=1.5 | lr=7.08e-05 | throughput=30K tok/s | eta=0.3h
  Step 11800 | loss=0.4205 | ppl=1.5 | lr=7.06e-05 | throughput=30K tok/s | eta=0.3h
  Step 11900 | loss=0.4218 | ppl=1.5 | lr=7.04e-05 | throughput=30K tok/s | eta=0.2h
  Step 12000 | loss=0.4190 | ppl=1.5 | lr=7.02e-05 | throughput=30K tok/s | eta=0.2h
  Step 12100 | loss=0.4242 | ppl=1.5 | lr=7.00e-05 | throughput=30K tok/s | eta=0.2h
  Step 12200 | loss=0.4214 | ppl=1.5 | lr=6.97e-05 | throughput=30K tok/s | eta=0.2h
  Step 12300 | loss=0.4224 | ppl=1.5 | lr=6.95e-05 | throughput=30K tok/s | eta=0.2h
  Step 12400 | loss=0.4208 | ppl=1.5 | lr=6.93e-05 | throughput=30K tok/s | eta=0.2h
  Val | loss=0.4218 | ppl=1.5
  ✓ Saved: /root/protein_plm/output/checkpoint_step26000.pt
  Step 12500 | loss=0.4205 | ppl=1.5 | lr=6.91e-05 | throughput=13K tok/s | eta=0.4h
  Step 12600 | loss=0.4232 | ppl=1.5 | lr=6.89e-05 | throughput=30K tok/s | eta=0.1h
  Step 12700 | loss=0.4254 | ppl=1.5 | lr=6.87e-05 | throughput=30K tok/s | eta=0.1h
  Step 12800 | loss=0.4196 | ppl=1.5 | lr=6.84e-05 | throughput=30K tok/s | eta=0.1h
  Step 12900 | loss=0.4214 | ppl=1.5 | lr=6.82e-05 | throughput=30K tok/s | eta=0.1h
  Step 13000 | loss=0.4227 | ppl=1.5 | lr=6.80e-05 | throughput=30K tok/s | eta=0.1h
  Step 13100 | loss=0.4229 | ppl=1.5 | lr=6.78e-05 | throughput=30K tok/s | eta=0.1h
  Step 13200 | loss=0.4216 | ppl=1.5 | lr=6.76e-05 | throughput=30K tok/s | eta=0.1h
  Step 13300 | loss=0.4233 | ppl=1.5 | lr=6.73e-05 | throughput=30K tok/s | eta=0.0h
  Step 13400 | loss=0.4223 | ppl=1.5 | lr=6.71e-05 | throughput=30K tok/s | eta=0.0h
  Step 13500 | loss=0.4231 | ppl=1.5 | lr=6.69e-05 | throughput=30K tok/s | eta=0.0h

  Train (epoch avg) | loss=0.4235

Epoch 3/5
  Val | loss=0.4212 | ppl=1.5
  LR: 6.68e-05
  ✓ Saved: /root/protein_plm/output/checkpoint_epoch3.pt
  ✓ Best: /root/protein_plm/output/checkpoint_epoch3_best.pt
  Step  100 | loss=0.4222 | ppl=1.5 | lr=6.66e-05 | throughput=30K tok/s | eta=2.0h
  Step  200 | loss=0.4197 | ppl=1.5 | lr=6.63e-05 | throughput=30K tok/s | eta=2.0h
  Step  300 | loss=0.4226 | ppl=1.5 | lr=6.61e-05 | throughput=30K tok/s | eta=2.0h
  Step  400 | loss=0.4230 | ppl=1.5 | lr=6.59e-05 | throughput=30K tok/s | eta=2.0h
  Step  500 | loss=0.4207 | ppl=1.5 | lr=6.57e-05 | throughput=30K tok/s | eta=2.0h
  Step  600 | loss=0.4213 | ppl=1.5 | lr=6.55e-05 | throughput=30K tok/s | eta=1.9h
  Step  700 | loss=0.4242 | ppl=1.5 | lr=6.52e-05 | throughput=30K tok/s | eta=1.9h
  Step  800 | loss=0.4234 | ppl=1.5 | lr=6.50e-05 | throughput=30K tok/s | eta=1.9h
  Step  900 | loss=0.4200 | ppl=1.5 | lr=6.48e-05 | throughput=30K tok/s | eta=1.9h
  Val | loss=0.4208 | ppl=1.5
  ✓ Saved: /root/protein_plm/output/checkpoint_step28000.pt
  ✓ Best: /root/protein_plm/output/checkpoint_step28000_best.pt
  Step 1000 | loss=0.4232 | ppl=1.5 | lr=6.46e-05 | throughput=13K tok/s | eta=4.3h
  Step 1100 | loss=0.4223 | ppl=1.5 | lr=6.43e-05 | throughput=30K tok/s | eta=1.9h
  Step 1200 | loss=0.4219 | ppl=1.5 | lr=6.41e-05 | throughput=30K tok/s | eta=1.9h
  Step 1300 | loss=0.4228 | ppl=1.5 | lr=6.39e-05 | throughput=30K tok/s | eta=1.8h
  Step 1400 | loss=0.4218 | ppl=1.5 | lr=6.36e-05 | throughput=30K tok/s | eta=1.8h
  Step 1500 | loss=0.4207 | ppl=1.5 | lr=6.34e-05 | throughput=30K tok/s | eta=1.8h
  Step 1600 | loss=0.4214 | ppl=1.5 | lr=6.32e-05 | throughput=30K tok/s | eta=1.8h
  Step 1700 | loss=0.4206 | ppl=1.5 | lr=6.30e-05 | throughput=30K tok/s | eta=1.8h
  Step 1800 | loss=0.4223 | ppl=1.5 | lr=6.27e-05 | throughput=30K tok/s | eta=1.8h
  Step 1900 | loss=0.4209 | ppl=1.5 | lr=6.25e-05 | throughput=30K tok/s | eta=1.8h
  Step 2000 | loss=0.4213 | ppl=1.5 | lr=6.23e-05 | throughput=30K tok/s | eta=1.7h
  Step 2100 | loss=0.4211 | ppl=1.5 | lr=6.21e-05 | throughput=30K tok/s | eta=1.7h
  Step 2200 | loss=0.4206 | ppl=1.5 | lr=6.18e-05 | throughput=30K tok/s | eta=1.7h
  Step 2300 | loss=0.4229 | ppl=1.5 | lr=6.16e-05 | throughput=30K tok/s | eta=1.7h
  Step 2400 | loss=0.4213 | ppl=1.5 | lr=6.14e-05 | throughput=30K tok/s | eta=1.7h
  Step 2500 | loss=0.4204 | ppl=1.5 | lr=6.11e-05 | throughput=30K tok/s | eta=1.7h
  Step 2600 | loss=0.4214 | ppl=1.5 | lr=6.09e-05 | throughput=30K tok/s | eta=1.7h
  Step 2700 | loss=0.4200 | ppl=1.5 | lr=6.07e-05 | throughput=30K tok/s | eta=1.6h
  Step 2800 | loss=0.4197 | ppl=1.5 | lr=6.05e-05 | throughput=30K tok/s | eta=1.6h
  Step 2900 | loss=0.4225 | ppl=1.5 | lr=6.02e-05 | throughput=30K tok/s | eta=1.6h
  Val | loss=0.4212 | ppl=1.5
  ✓ Saved: /root/protein_plm/output/checkpoint_step30000.pt
  Step 3000 | loss=0.4209 | ppl=1.5 | lr=6.00e-05 | throughput=13K tok/s | eta=3.6h
  Step 3100 | loss=0.4234 | ppl=1.5 | lr=5.98e-05 | throughput=30K tok/s | eta=1.6h
  Step 3200 | loss=0.4210 | ppl=1.5 | lr=5.95e-05 | throughput=30K tok/s | eta=1.6h
  Step 3300 | loss=0.4205 | ppl=1.5 | lr=5.93e-05 | throughput=30K tok/s | eta=1.5h
  Step 3400 | loss=0.4230 | ppl=1.5 | lr=5.91e-05 | throughput=30K tok/s | eta=1.5h
  Step 3500 | loss=0.4205 | ppl=1.5 | lr=5.88e-05 | throughput=30K tok/s | eta=1.5h
  Step 3600 | loss=0.4228 | ppl=1.5 | lr=5.86e-05 | throughput=30K tok/s | eta=1.5h
  Step 3700 | loss=0.4215 | ppl=1.5 | lr=5.84e-05 | throughput=30K tok/s | eta=1.5h
  Step 3800 | loss=0.4227 | ppl=1.5 | lr=5.81e-05 | throughput=30K tok/s | eta=1.5h
  Step 3900 | loss=0.4215 | ppl=1.5 | lr=5.79e-05 | throughput=30K tok/s | eta=1.4h
  Step 4000 | loss=0.4209 | ppl=1.5 | lr=5.77e-05 | throughput=30K tok/s | eta=1.4h
  Step 4100 | loss=0.4213 | ppl=1.5 | lr=5.74e-05 | throughput=30K tok/s | eta=1.4h
  Step 4200 | loss=0.4227 | ppl=1.5 | lr=5.72e-05 | throughput=30K tok/s | eta=1.4h
  Step 4300 | loss=0.4220 | ppl=1.5 | lr=5.70e-05 | throughput=30K tok/s | eta=1.4h
  Step 4400 | loss=0.4205 | ppl=1.5 | lr=5.67e-05 | throughput=30K tok/s | eta=1.4h
  Step 4500 | loss=0.4223 | ppl=1.5 | lr=5.65e-05 | throughput=30K tok/s | eta=1.4h
  Step 4600 | loss=0.4235 | ppl=1.5 | lr=5.63e-05 | throughput=30K tok/s | eta=1.3h
  Step 4700 | loss=0.4197 | ppl=1.5 | lr=5.60e-05 | throughput=30K tok/s | eta=1.3h
  Step 4800 | loss=0.4211 | ppl=1.5 | lr=5.58e-05 | throughput=30K tok/s | eta=1.3h
  Step 4900 | loss=0.4202 | ppl=1.5 | lr=5.56e-05 | throughput=30K tok/s | eta=1.3h
  Val | loss=0.4202 | ppl=1.5
  ✓ Saved: /root/protein_plm/output/checkpoint_step32000.pt
  ✓ Best: /root/protein_plm/output/checkpoint_step32000_best.pt
  Step 5000 | loss=0.4224 | ppl=1.5 | lr=5.53e-05 | throughput=13K tok/s | eta=2.9h
  Step 5100 | loss=0.4203 | ppl=1.5 | lr=5.51e-05 | throughput=30K tok/s | eta=1.3h
  Step 5200 | loss=0.4229 | ppl=1.5 | lr=5.49e-05 | throughput=30K tok/s | eta=1.3h
  Step 5300 | loss=0.4190 | ppl=1.5 | lr=5.46e-05 | throughput=30K tok/s | eta=1.2h
  Step 5400 | loss=0.4210 | ppl=1.5 | lr=5.44e-05 | throughput=30K tok/s | eta=1.2h
  Step 5500 | loss=0.4193 | ppl=1.5 | lr=5.42e-05 | throughput=30K tok/s | eta=1.2h
  Step 5600 | loss=0.4208 | ppl=1.5 | lr=5.39e-05 | throughput=30K tok/s | eta=1.2h
  Step 5700 | loss=0.4223 | ppl=1.5 | lr=5.37e-05 | throughput=30K tok/s | eta=1.2h
  Step 5800 | loss=0.4231 | ppl=1.5 | lr=5.35e-05 | throughput=30K tok/s | eta=1.2h
  Step 5900 | loss=0.4195 | ppl=1.5 | lr=5.32e-05 | throughput=30K tok/s | eta=1.1h
  Step 6000 | loss=0.4206 | ppl=1.5 | lr=5.30e-05 | throughput=30K tok/s | eta=1.1h
  Step 6100 | loss=0.4207 | ppl=1.5 | lr=5.28e-05 | throughput=30K tok/s | eta=1.1h
  Step 6200 | loss=0.4201 | ppl=1.5 | lr=5.25e-05 | throughput=30K tok/s | eta=1.1h
  Step 6300 | loss=0.4232 | ppl=1.5 | lr=5.23e-05 | throughput=30K tok/s | eta=1.1h
  Step 6400 | loss=0.4219 | ppl=1.5 | lr=5.21e-05 | throughput=30K tok/s | eta=1.1h
  Step 6500 | loss=0.4220 | ppl=1.5 | lr=5.18e-05 | throughput=30K tok/s | eta=1.1h
  Step 6600 | loss=0.4194 | ppl=1.5 | lr=5.16e-05 | throughput=30K tok/s | eta=1.0h
  Step 6700 | loss=0.4221 | ppl=1.5 | lr=5.14e-05 | throughput=30K tok/s | eta=1.0h
  Step 6800 | loss=0.4198 | ppl=1.5 | lr=5.11e-05 | throughput=30K tok/s | eta=1.0h
  Step 6900 | loss=0.4211 | ppl=1.5 | lr=5.09e-05 | throughput=30K tok/s | eta=1.0h
  Val | loss=0.4203 | ppl=1.5
  ✓ Saved: /root/protein_plm/output/checkpoint_step34000.pt
  Step 7000 | loss=0.4209 | ppl=1.5 | lr=5.06e-05 | throughput=13K tok/s | eta=2.3h
  Step 7100 | loss=0.4202 | ppl=1.5 | lr=5.04e-05 | throughput=30K tok/s | eta=1.0h
  Step 7200 | loss=0.4214 | ppl=1.5 | lr=5.02e-05 | throughput=30K tok/s | eta=1.0h
  Step 7300 | loss=0.4212 | ppl=1.5 | lr=4.99e-05 | throughput=30K tok/s | eta=0.9h
  Step 7400 | loss=0.4194 | ppl=1.5 | lr=4.97e-05 | throughput=30K tok/s | eta=0.9h
  Step 7500 | loss=0.4209 | ppl=1.5 | lr=4.95e-05 | throughput=30K tok/s | eta=0.9h
  Step 7600 | loss=0.4207 | ppl=1.5 | lr=4.92e-05 | throughput=30K tok/s | eta=0.9h
  Step 7700 | loss=0.4219 | ppl=1.5 | lr=4.90e-05 | throughput=30K tok/s | eta=0.9h
  Step 7800 | loss=0.4214 | ppl=1.5 | lr=4.88e-05 | throughput=30K tok/s | eta=0.9h
  Step 7900 | loss=0.4199 | ppl=1.5 | lr=4.85e-05 | throughput=30K tok/s | eta=0.8h
  Step 8000 | loss=0.4219 | ppl=1.5 | lr=4.83e-05 | throughput=30K tok/s | eta=0.8h
  Step 8100 | loss=0.4204 | ppl=1.5 | lr=4.81e-05 | throughput=30K tok/s | eta=0.8h
  Step 8200 | loss=0.4216 | ppl=1.5 | lr=4.78e-05 | throughput=30K tok/s | eta=0.8h
  Step 8300 | loss=0.4203 | ppl=1.5 | lr=4.76e-05 | throughput=30K tok/s | eta=0.8h
  Step 8400 | loss=0.4204 | ppl=1.5 | lr=4.74e-05 | throughput=30K tok/s | eta=0.8h
  Step 8500 | loss=0.4223 | ppl=1.5 | lr=4.71e-05 | throughput=30K tok/s | eta=0.8h
  Step 8600 | loss=0.4212 | ppl=1.5 | lr=4.69e-05 | throughput=30K tok/s | eta=0.7h
  Step 8700 | loss=0.4211 | ppl=1.5 | lr=4.66e-05 | throughput=30K tok/s | eta=0.7h
  Step 8800 | loss=0.4213 | ppl=1.5 | lr=4.64e-05 | throughput=30K tok/s | eta=0.7h
  Step 8900 | loss=0.4238 | ppl=1.5 | lr=4.62e-05 | throughput=30K tok/s | eta=0.7h
  Val | loss=0.4196 | ppl=1.5
  ✓ Saved: /root/protein_plm/output/checkpoint_step36000.pt
  ✓ Best: /root/protein_plm/output/checkpoint_step36000_best.pt
  Step 9000 | loss=0.4200 | ppl=1.5 | lr=4.59e-05 | throughput=13K tok/s | eta=1.6h
  Step 9100 | loss=0.4198 | ppl=1.5 | lr=4.57e-05 | throughput=30K tok/s | eta=0.7h
  Step 9200 | loss=0.4227 | ppl=1.5 | lr=4.55e-05 | throughput=30K tok/s | eta=0.7h
  Step 9300 | loss=0.4194 | ppl=1.5 | lr=4.52e-05 | throughput=30K tok/s | eta=0.6h
  Step 9400 | loss=0.4195 | ppl=1.5 | lr=4.50e-05 | throughput=30K tok/s | eta=0.6h
  Step 9500 | loss=0.4173 | ppl=1.5 | lr=4.48e-05 | throughput=30K tok/s | eta=0.6h
  Step 9600 | loss=0.4196 | ppl=1.5 | lr=4.45e-05 | throughput=30K tok/s | eta=0.6h
  Step 9700 | loss=0.4225 | ppl=1.5 | lr=4.43e-05 | throughput=30K tok/s | eta=0.6h
  Step 9800 | loss=0.4188 | ppl=1.5 | lr=4.41e-05 | throughput=30K tok/s | eta=0.6h
  Step 9900 | loss=0.4217 | ppl=1.5 | lr=4.38e-05 | throughput=30K tok/s | eta=0.5h
  Step 10000 | loss=0.4205 | ppl=1.5 | lr=4.36e-05 | throughput=30K tok/s | eta=0.5h
  Step 10100 | loss=0.4237 | ppl=1.5 | lr=4.34e-05 | throughput=30K tok/s | eta=0.5h
  Step 10200 | loss=0.4206 | ppl=1.5 | lr=4.31e-05 | throughput=30K tok/s | eta=0.5h
  Step 10300 | loss=0.4211 | ppl=1.5 | lr=4.29e-05 | throughput=30K tok/s | eta=0.5h
  Step 10400 | loss=0.4214 | ppl=1.5 | lr=4.27e-05 | throughput=30K tok/s | eta=0.5h
  Step 10500 | loss=0.4206 | ppl=1.5 | lr=4.24e-05 | throughput=30K tok/s | eta=0.5h
  Step 10600 | loss=0.4209 | ppl=1.5 | lr=4.22e-05 | throughput=30K tok/s | eta=0.4h
  Step 10700 | loss=0.4208 | ppl=1.5 | lr=4.20e-05 | throughput=30K tok/s | eta=0.4h
  Step 10800 | loss=0.4217 | ppl=1.5 | lr=4.17e-05 | throughput=30K tok/s | eta=0.4h
  Step 10900 | loss=0.4197 | ppl=1.5 | lr=4.15e-05 | throughput=30K tok/s | eta=0.4h
  Val | loss=0.4195 | ppl=1.5
  ✓ Saved: /root/protein_plm/output/checkpoint_step38000.pt
  ✓ Best: /root/protein_plm/output/checkpoint_step38000_best.pt
  Step 11000 | loss=0.4228 | ppl=1.5 | lr=4.13e-05 | throughput=13K tok/s | eta=0.9h
  Step 11100 | loss=0.4208 | ppl=1.5 | lr=4.10e-05 | throughput=30K tok/s | eta=0.4h
  Step 11200 | loss=0.4188 | ppl=1.5 | lr=4.08e-05 | throughput=30K tok/s | eta=0.4h
  Step 11300 | loss=0.4228 | ppl=1.5 | lr=4.06e-05 | throughput=30K tok/s | eta=0.3h
  Step 11400 | loss=0.4202 | ppl=1.5 | lr=4.04e-05 | throughput=30K tok/s | eta=0.3h
  Step 11500 | loss=0.4193 | ppl=1.5 | lr=4.01e-05 | throughput=30K tok/s | eta=0.3h
  Step 11600 | loss=0.4204 | ppl=1.5 | lr=3.99e-05 | throughput=30K tok/s | eta=0.3h
  Step 11700 | loss=0.4190 | ppl=1.5 | lr=3.97e-05 | throughput=30K tok/s | eta=0.3h
  Step 11800 | loss=0.4203 | ppl=1.5 | lr=3.94e-05 | throughput=30K tok/s | eta=0.3h
  Step 11900 | loss=0.4199 | ppl=1.5 | lr=3.92e-05 | throughput=30K tok/s | eta=0.2h
  Step 12000 | loss=0.4214 | ppl=1.5 | lr=3.90e-05 | throughput=30K tok/s | eta=0.2h
  Step 12100 | loss=0.4221 | ppl=1.5 | lr=3.87e-05 | throughput=30K tok/s | eta=0.2h
  Step 12200 | loss=0.4191 | ppl=1.5 | lr=3.85e-05 | throughput=30K tok/s | eta=0.2h
  Step 12300 | loss=0.4200 | ppl=1.5 | lr=3.83e-05 | throughput=30K tok/s | eta=0.2h
  Step 12400 | loss=0.4233 | ppl=1.5 | lr=3.81e-05 | throughput=30K tok/s | eta=0.2h
  Step 12500 | loss=0.4209 | ppl=1.5 | lr=3.78e-05 | throughput=30K tok/s | eta=0.2h
  Step 12600 | loss=0.4198 | ppl=1.5 | lr=3.76e-05 | throughput=30K tok/s | eta=0.1h
  Step 12700 | loss=0.4175 | ppl=1.5 | lr=3.74e-05 | throughput=30K tok/s | eta=0.1h
  Step 12800 | loss=0.4213 | ppl=1.5 | lr=3.71e-05 | throughput=30K tok/s | eta=0.1h
  Step 12900 | loss=0.4207 | ppl=1.5 | lr=3.69e-05 | throughput=30K tok/s | eta=0.1h
  Val | loss=0.4195 | ppl=1.5
  ✓ Saved: /root/protein_plm/output/checkpoint_step40000.pt
  Step 13000 | loss=0.4212 | ppl=1.5 | lr=3.67e-05 | throughput=13K tok/s | eta=0.2h
  Step 13100 | loss=0.4214 | ppl=1.5 | lr=3.65e-05 | throughput=30K tok/s | eta=0.1h
  Step 13200 | loss=0.4206 | ppl=1.5 | lr=3.62e-05 | throughput=30K tok/s | eta=0.1h
  Step 13300 | loss=0.4219 | ppl=1.5 | lr=3.60e-05 | throughput=30K tok/s | eta=0.0h
  Step 13400 | loss=0.4214 | ppl=1.5 | lr=3.58e-05 | throughput=30K tok/s | eta=0.0h
  Step 13500 | loss=0.4211 | ppl=1.5 | lr=3.56e-05 | throughput=30K tok/s | eta=0.0h

  Train (epoch avg) | loss=0.4219

Epoch 4/5
  Val | loss=0.4185 | ppl=1.5
  LR: 3.54e-05
  ✓ Saved: /root/protein_plm/output/checkpoint_epoch4.pt
  ✓ Best: /root/protein_plm/output/checkpoint_epoch4_best.pt
  Step  100 | loss=0.4203 | ppl=1.5 | lr=3.52e-05 | throughput=30K tok/s | eta=2.1h
  Step  200 | loss=0.4215 | ppl=1.5 | lr=3.50e-05 | throughput=30K tok/s | eta=2.0h
  Step  300 | loss=0.4210 | ppl=1.5 | lr=3.48e-05 | throughput=30K tok/s | eta=2.0h
  Step  400 | loss=0.4185 | ppl=1.5 | lr=3.45e-05 | throughput=30K tok/s | eta=2.0h
  Step  500 | loss=0.4203 | ppl=1.5 | lr=3.43e-05 | throughput=30K tok/s | eta=2.0h
  Step  600 | loss=0.4197 | ppl=1.5 | lr=3.41e-05 | throughput=30K tok/s | eta=2.0h
  Step  700 | loss=0.4219 | ppl=1.5 | lr=3.39e-05 | throughput=30K tok/s | eta=1.9h
  Step  800 | loss=0.4210 | ppl=1.5 | lr=3.37e-05 | throughput=30K tok/s | eta=1.9h
  Step  900 | loss=0.4183 | ppl=1.5 | lr=3.34e-05 | throughput=30K tok/s | eta=1.9h
  Step 1000 | loss=0.4208 | ppl=1.5 | lr=3.32e-05 | throughput=30K tok/s | eta=1.9h
  Step 1100 | loss=0.4225 | ppl=1.5 | lr=3.30e-05 | throughput=30K tok/s | eta=1.9h
  Step 1200 | loss=0.4198 | ppl=1.5 | lr=3.28e-05 | throughput=30K tok/s | eta=1.9h
  Step 1300 | loss=0.4190 | ppl=1.5 | lr=3.25e-05 | throughput=30K tok/s | eta=1.8h
  Val | loss=0.4183 | ppl=1.5
  ✓ Saved: /root/protein_plm/output/checkpoint_step42000.pt
  ✓ Best: /root/protein_plm/output/checkpoint_step42000_best.pt
  Step 1400 | loss=0.4202 | ppl=1.5 | lr=3.23e-05 | throughput=13K tok/s | eta=4.2h
  Step 1500 | loss=0.4198 | ppl=1.5 | lr=3.21e-05 | throughput=30K tok/s | eta=1.8h
  Step 1600 | loss=0.4200 | ppl=1.5 | lr=3.19e-05 | throughput=30K tok/s | eta=1.8h
  Step 1700 | loss=0.4236 | ppl=1.5 | lr=3.17e-05 | throughput=30K tok/s | eta=1.8h
  Step 1800 | loss=0.4189 | ppl=1.5 | lr=3.15e-05 | throughput=30K tok/s | eta=1.8h
  Step 1900 | loss=0.4187 | ppl=1.5 | lr=3.12e-05 | throughput=30K tok/s | eta=1.8h
  Step 2000 | loss=0.4196 | ppl=1.5 | lr=3.10e-05 | throughput=30K tok/s | eta=1.7h
  Step 2100 | loss=0.4213 | ppl=1.5 | lr=3.08e-05 | throughput=30K tok/s | eta=1.7h
  Step 2200 | loss=0.4216 | ppl=1.5 | lr=3.06e-05 | throughput=30K tok/s | eta=1.7h
  Step 2300 | loss=0.4216 | ppl=1.5 | lr=3.04e-05 | throughput=30K tok/s | eta=1.7h
  Step 2400 | loss=0.4202 | ppl=1.5 | lr=3.01e-05 | throughput=30K tok/s | eta=1.7h
  Step 2500 | loss=0.4223 | ppl=1.5 | lr=2.99e-05 | throughput=30K tok/s | eta=1.7h
  Step 2600 | loss=0.4198 | ppl=1.5 | lr=2.97e-05 | throughput=30K tok/s | eta=1.7h
  Step 2700 | loss=0.4211 | ppl=1.5 | lr=2.95e-05 | throughput=30K tok/s | eta=1.6h
  Step 2800 | loss=0.4198 | ppl=1.5 | lr=2.93e-05 | throughput=30K tok/s | eta=1.6h
  Step 2900 | loss=0.4195 | ppl=1.5 | lr=2.91e-05 | throughput=30K tok/s | eta=1.6h
  Step 3000 | loss=0.4174 | ppl=1.5 | lr=2.89e-05 | throughput=30K tok/s | eta=1.6h
  Step 3100 | loss=0.4211 | ppl=1.5 | lr=2.86e-05 | throughput=30K tok/s | eta=1.6h
  Step 3200 | loss=0.4216 | ppl=1.5 | lr=2.84e-05 | throughput=30K tok/s | eta=1.6h
  Step 3300 | loss=0.4194 | ppl=1.5 | lr=2.82e-05 | throughput=30K tok/s | eta=1.5h
  Val | loss=0.4177 | ppl=1.5
  ✓ Saved: /root/protein_plm/output/checkpoint_step44000.pt
  ✓ Best: /root/protein_plm/output/checkpoint_step44000_best.pt
  Step 3400 | loss=0.4185 | ppl=1.5 | lr=2.80e-05 | throughput=13K tok/s | eta=3.5h
  Step 3500 | loss=0.4215 | ppl=1.5 | lr=2.78e-05 | throughput=30K tok/s | eta=1.5h
  Step 3600 | loss=0.4182 | ppl=1.5 | lr=2.76e-05 | throughput=30K tok/s | eta=1.5h
  Step 3700 | loss=0.4224 | ppl=1.5 | lr=2.74e-05 | throughput=30K tok/s | eta=1.5h
  Step 3800 | loss=0.4212 | ppl=1.5 | lr=2.72e-05 | throughput=30K tok/s | eta=1.5h
  Step 3900 | loss=0.4221 | ppl=1.5 | lr=2.70e-05 | throughput=30K tok/s | eta=1.5h
  Step 4000 | loss=0.4201 | ppl=1.5 | lr=2.68e-05 | throughput=30K tok/s | eta=1.4h
  Step 4100 | loss=0.4210 | ppl=1.5 | lr=2.65e-05 | throughput=30K tok/s | eta=1.4h
  Step 4200 | loss=0.4207 | ppl=1.5 | lr=2.63e-05 | throughput=30K tok/s | eta=1.4h
  Step 4300 | loss=0.4205 | ppl=1.5 | lr=2.61e-05 | throughput=30K tok/s | eta=1.4h
  Step 4400 | loss=0.4191 | ppl=1.5 | lr=2.59e-05 | throughput=30K tok/s | eta=1.4h
  Step 4500 | loss=0.4190 | ppl=1.5 | lr=2.57e-05 | throughput=30K tok/s | eta=1.4h
  Step 4600 | loss=0.4195 | ppl=1.5 | lr=2.55e-05 | throughput=30K tok/s | eta=1.4h
  Step 4700 | loss=0.4206 | ppl=1.5 | lr=2.53e-05 | throughput=30K tok/s | eta=1.3h
  Step 4800 | loss=0.4201 | ppl=1.5 | lr=2.51e-05 | throughput=30K tok/s | eta=1.3h
  Step 4900 | loss=0.4200 | ppl=1.5 | lr=2.49e-05 | throughput=30K tok/s | eta=1.3h
  Step 5000 | loss=0.4194 | ppl=1.5 | lr=2.47e-05 | throughput=30K tok/s | eta=1.3h
  Step 5100 | loss=0.4205 | ppl=1.5 | lr=2.45e-05 | throughput=30K tok/s | eta=1.3h
  Step 5200 | loss=0.4175 | ppl=1.5 | lr=2.43e-05 | throughput=30K tok/s | eta=1.3h
  Step 5300 | loss=0.4202 | ppl=1.5 | lr=2.41e-05 | throughput=30K tok/s | eta=1.2h
  Val | loss=0.4182 | ppl=1.5
  ✓ Saved: /root/protein_plm/output/checkpoint_step46000.pt
  Step 5400 | loss=0.4197 | ppl=1.5 | lr=2.39e-05 | throughput=13K tok/s | eta=2.8h
  Step 5500 | loss=0.4212 | ppl=1.5 | lr=2.37e-05 | throughput=30K tok/s | eta=1.2h
  Step 5600 | loss=0.4188 | ppl=1.5 | lr=2.35e-05 | throughput=30K tok/s | eta=1.2h
  Step 5700 | loss=0.4186 | ppl=1.5 | lr=2.33e-05 | throughput=30K tok/s | eta=1.2h
  Step 5800 | loss=0.4211 | ppl=1.5 | lr=2.31e-05 | throughput=30K tok/s | eta=1.2h
  Step 5900 | loss=0.4203 | ppl=1.5 | lr=2.29e-05 | throughput=30K tok/s | eta=1.2h
  Step 6000 | loss=0.4208 | ppl=1.5 | lr=2.27e-05 | throughput=30K tok/s | eta=1.1h
  Step 6100 | loss=0.4179 | ppl=1.5 | lr=2.25e-05 | throughput=30K tok/s | eta=1.1h
  Step 6200 | loss=0.4203 | ppl=1.5 | lr=2.23e-05 | throughput=30K tok/s | eta=1.1h
  Step 6300 | loss=0.4204 | ppl=1.5 | lr=2.21e-05 | throughput=30K tok/s | eta=1.1h
  Step 6400 | loss=0.4208 | ppl=1.5 | lr=2.19e-05 | throughput=30K tok/s | eta=1.1h
  Step 6500 | loss=0.4201 | ppl=1.5 | lr=2.17e-05 | throughput=30K tok/s | eta=1.1h
  Step 6600 | loss=0.4216 | ppl=1.5 | lr=2.15e-05 | throughput=30K tok/s | eta=1.1h
  Step 6700 | loss=0.4203 | ppl=1.5 | lr=2.13e-05 | throughput=30K tok/s | eta=1.0h
  Step 6800 | loss=0.4196 | ppl=1.5 | lr=2.11e-05 | throughput=30K tok/s | eta=1.0h
  Step 6900 | loss=0.4198 | ppl=1.5 | lr=2.09e-05 | throughput=30K tok/s | eta=1.0h
  Step 7000 | loss=0.4179 | ppl=1.5 | lr=2.08e-05 | throughput=30K tok/s | eta=1.0h
  Step 7100 | loss=0.4196 | ppl=1.5 | lr=2.06e-05 | throughput=30K tok/s | eta=1.0h
  Step 7200 | loss=0.4203 | ppl=1.5 | lr=2.04e-05 | throughput=30K tok/s | eta=1.0h
  Step 7300 | loss=0.4191 | ppl=1.5 | lr=2.02e-05 | throughput=30K tok/s | eta=0.9h
  Val | loss=0.4182 | ppl=1.5
  ✓ Saved: /root/protein_plm/output/checkpoint_step48000.pt
  Step 7400 | loss=0.4196 | ppl=1.5 | lr=2.00e-05 | throughput=13K tok/s | eta=2.1h
  Step 7500 | loss=0.4211 | ppl=1.5 | lr=1.98e-05 | throughput=30K tok/s | eta=0.9h
  Step 7600 | loss=0.4177 | ppl=1.5 | lr=1.96e-05 | throughput=30K tok/s | eta=0.9h
  Step 7700 | loss=0.4194 | ppl=1.5 | lr=1.94e-05 | throughput=30K tok/s | eta=0.9h
  Step 7800 | loss=0.4195 | ppl=1.5 | lr=1.92e-05 | throughput=30K tok/s | eta=0.9h
  Step 7900 | loss=0.4202 | ppl=1.5 | lr=1.91e-05 | throughput=30K tok/s | eta=0.9h
  Step 8000 | loss=0.4167 | ppl=1.5 | lr=1.89e-05 | throughput=30K tok/s | eta=0.8h
  Step 8100 | loss=0.4223 | ppl=1.5 | lr=1.87e-05 | throughput=30K tok/s | eta=0.8h
  Step 8200 | loss=0.4177 | ppl=1.5 | lr=1.85e-05 | throughput=30K tok/s | eta=0.8h
  Step 8300 | loss=0.4204 | ppl=1.5 | lr=1.83e-05 | throughput=30K tok/s | eta=0.8h
  Step 8400 | loss=0.4188 | ppl=1.5 | lr=1.81e-05 | throughput=30K tok/s | eta=0.8h
  Step 8500 | loss=0.4192 | ppl=1.5 | lr=1.80e-05 | throughput=30K tok/s | eta=0.8h
  Step 8600 | loss=0.4179 | ppl=1.5 | lr=1.78e-05 | throughput=30K tok/s | eta=0.8h
  Step 8700 | loss=0.4212 | ppl=1.5 | lr=1.76e-05 | throughput=30K tok/s | eta=0.7h
  Step 8800 | loss=0.4209 | ppl=1.5 | lr=1.74e-05 | throughput=30K tok/s | eta=0.7h
  Step 8900 | loss=0.4198 | ppl=1.5 | lr=1.72e-05 | throughput=30K tok/s | eta=0.7h
  Step 9000 | loss=0.4201 | ppl=1.5 | lr=1.71e-05 | throughput=30K tok/s | eta=0.7h
  Step 9100 | loss=0.4193 | ppl=1.5 | lr=1.69e-05 | throughput=30K tok/s | eta=0.7h
  Step 9200 | loss=0.4211 | ppl=1.5 | lr=1.67e-05 | throughput=30K tok/s | eta=0.7h
  Step 9300 | loss=0.4194 | ppl=1.5 | lr=1.65e-05 | throughput=30K tok/s | eta=0.6h
  Val | loss=0.4182 | ppl=1.5
  ✓ Saved: /root/protein_plm/output/checkpoint_step50000.pt
  Step 9400 | loss=0.4194 | ppl=1.5 | lr=1.64e-05 | throughput=13K tok/s | eta=1.4h
  Step 9500 | loss=0.4199 | ppl=1.5 | lr=1.62e-05 | throughput=30K tok/s | eta=0.6h
  Step 9600 | loss=0.4194 | ppl=1.5 | lr=1.60e-05 | throughput=30K tok/s | eta=0.6h
  Step 9700 | loss=0.4185 | ppl=1.5 | lr=1.58e-05 | throughput=30K tok/s | eta=0.6h
  Step 9800 | loss=0.4194 | ppl=1.5 | lr=1.57e-05 | throughput=30K tok/s | eta=0.6h
  Step 9900 | loss=0.4185 | ppl=1.5 | lr=1.55e-05 | throughput=30K tok/s | eta=0.6h
  Step 10000 | loss=0.4182 | ppl=1.5 | lr=1.53e-05 | throughput=30K tok/s | eta=0.5h
  Step 10100 | loss=0.4176 | ppl=1.5 | lr=1.52e-05 | throughput=30K tok/s | eta=0.5h
  Step 10200 | loss=0.4194 | ppl=1.5 | lr=1.50e-05 | throughput=30K tok/s | eta=0.5h
  Step 10300 | loss=0.4180 | ppl=1.5 | lr=1.48e-05 | throughput=30K tok/s | eta=0.5h
  Step 10400 | loss=0.4201 | ppl=1.5 | lr=1.47e-05 | throughput=30K tok/s | eta=0.5h
  Step 10500 | loss=0.4197 | ppl=1.5 | lr=1.45e-05 | throughput=30K tok/s | eta=0.5h
  Step 10600 | loss=0.4198 | ppl=1.5 | lr=1.43e-05 | throughput=30K tok/s | eta=0.4h
  Step 10700 | loss=0.4187 | ppl=1.5 | lr=1.42e-05 | throughput=30K tok/s | eta=0.4h
  Step 10800 | loss=0.4186 | ppl=1.5 | lr=1.40e-05 | throughput=30K tok/s | eta=0.4h
  Step 10900 | loss=0.4199 | ppl=1.5 | lr=1.38e-05 | throughput=30K tok/s | eta=0.4h
  Step 11000 | loss=0.4192 | ppl=1.5 | lr=1.37e-05 | throughput=30K tok/s | eta=0.4h
  Step 11100 | loss=0.4187 | ppl=1.5 | lr=1.35e-05 | throughput=30K tok/s | eta=0.4h
  Step 11200 | loss=0.4198 | ppl=1.5 | lr=1.34e-05 | throughput=30K tok/s | eta=0.4h
  Step 11300 | loss=0.4212 | ppl=1.5 | lr=1.32e-05 | throughput=30K tok/s | eta=0.3h
  Val | loss=0.4172 | ppl=1.5
  ✓ Saved: /root/protein_plm/output/checkpoint_step52000.pt
  ✓ Best: /root/protein_plm/output/checkpoint_step52000_best.pt
  Step 11400 | loss=0.4195 | ppl=1.5 | lr=1.30e-05 | throughput=13K tok/s | eta=0.7h
  Step 11500 | loss=0.4206 | ppl=1.5 | lr=1.29e-05 | throughput=30K tok/s | eta=0.3h
  Step 11600 | loss=0.4203 | ppl=1.5 | lr=1.27e-05 | throughput=30K tok/s | eta=0.3h
  Step 11700 | loss=0.4181 | ppl=1.5 | lr=1.26e-05 | throughput=30K tok/s | eta=0.3h
  Step 11800 | loss=0.4189 | ppl=1.5 | lr=1.24e-05 | throughput=30K tok/s | eta=0.3h
  Step 11900 | loss=0.4203 | ppl=1.5 | lr=1.23e-05 | throughput=30K tok/s | eta=0.3h
  Step 12000 | loss=0.4203 | ppl=1.5 | lr=1.21e-05 | throughput=30K tok/s | eta=0.2h
  Step 12100 | loss=0.4209 | ppl=1.5 | lr=1.19e-05 | throughput=30K tok/s | eta=0.2h
  Step 12200 | loss=0.4190 | ppl=1.5 | lr=1.18e-05 | throughput=30K tok/s | eta=0.2h
  Step 12300 | loss=0.4179 | ppl=1.5 | lr=1.16e-05 | throughput=30K tok/s | eta=0.2h
  Step 12400 | loss=0.4198 | ppl=1.5 | lr=1.15e-05 | throughput=30K tok/s | eta=0.2h
  Step 12500 | loss=0.4175 | ppl=1.5 | lr=1.13e-05 | throughput=30K tok/s | eta=0.2h
  Step 12600 | loss=0.4196 | ppl=1.5 | lr=1.12e-05 | throughput=30K tok/s | eta=0.1h
  Step 12700 | loss=0.4210 | ppl=1.5 | lr=1.10e-05 | throughput=30K tok/s | eta=0.1h
  Step 12800 | loss=0.4184 | ppl=1.5 | lr=1.09e-05 | throughput=30K tok/s | eta=0.1h
  Step 12900 | loss=0.4182 | ppl=1.5 | lr=1.08e-05 | throughput=30K tok/s | eta=0.1h
  Step 13000 | loss=0.4222 | ppl=1.5 | lr=1.06e-05 | throughput=30K tok/s | eta=0.1h
  Step 13100 | loss=0.4203 | ppl=1.5 | lr=1.05e-05 | throughput=30K tok/s | eta=0.1h
  Step 13200 | loss=0.4180 | ppl=1.5 | lr=1.03e-05 | throughput=30K tok/s | eta=0.1h
  Step 13300 | loss=0.4175 | ppl=1.5 | lr=1.02e-05 | throughput=30K tok/s | eta=0.0h
  Val | loss=0.4178 | ppl=1.5
  ✓ Saved: /root/protein_plm/output/checkpoint_step54000.pt
  Step 13400 | loss=0.4207 | ppl=1.5 | lr=1.00e-05 | throughput=13K tok/s | eta=0.1h
  Step 13500 | loss=0.4190 | ppl=1.5 | lr=9.90e-06 | throughput=30K tok/s | eta=0.0h

  Train (epoch avg) | loss=0.4173

Epoch 5/5
  Val | loss=0.4178 | ppl=1.5
  LR: 9.83e-06
  ✓ Saved: /root/protein_plm/output/checkpoint_epoch5.pt
  Step  100 | loss=0.4177 | ppl=1.5 | lr=9.69e-06 | throughput=29K tok/s | eta=2.1h
  Step  200 | loss=0.4187 | ppl=1.5 | lr=9.55e-06 | throughput=30K tok/s | eta=2.0h
  Step  300 | loss=0.4177 | ppl=1.5 | lr=9.41e-06 | throughput=30K tok/s | eta=2.0h
  Step  400 | loss=0.4193 | ppl=1.5 | lr=9.27e-06 | throughput=30K tok/s | eta=2.0h
  Step  500 | loss=0.4207 | ppl=1.5 | lr=9.14e-06 | throughput=30K tok/s | eta=2.0h
  Step  600 | loss=0.4190 | ppl=1.5 | lr=9.00e-06 | throughput=30K tok/s | eta=2.0h
  Step  700 | loss=0.4201 | ppl=1.5 | lr=8.87e-06 | throughput=30K tok/s | eta=2.0h
  Step  800 | loss=0.4189 | ppl=1.5 | lr=8.74e-06 | throughput=30K tok/s | eta=2.0h
  Step  900 | loss=0.4192 | ppl=1.5 | lr=8.60e-06 | throughput=30K tok/s | eta=1.9h
  Step 1000 | loss=0.4188 | ppl=1.5 | lr=8.47e-06 | throughput=30K tok/s | eta=1.9h
  Step 1100 | loss=0.4201 | ppl=1.5 | lr=8.34e-06 | throughput=30K tok/s | eta=1.9h
  Step 1200 | loss=0.4210 | ppl=1.5 | lr=8.21e-06 | throughput=30K tok/s | eta=1.9h
  Step 1300 | loss=0.4206 | ppl=1.5 | lr=8.08e-06 | throughput=30K tok/s | eta=1.9h
  Step 1400 | loss=0.4197 | ppl=1.5 | lr=7.95e-06 | throughput=30K tok/s | eta=1.9h
  Step 1500 | loss=0.4185 | ppl=1.5 | lr=7.83e-06 | throughput=30K tok/s | eta=1.8h
  Step 1600 | loss=0.4191 | ppl=1.5 | lr=7.70e-06 | throughput=30K tok/s | eta=1.8h
  Step 1700 | loss=0.4209 | ppl=1.5 | lr=7.58e-06 | throughput=30K tok/s | eta=1.8h
  Step 1800 | loss=0.4179 | ppl=1.5 | lr=7.45e-06 | throughput=30K tok/s | eta=1.8h
  Val | loss=0.4176 | ppl=1.5
  ✓ Saved: /root/protein_plm/output/checkpoint_step56000.pt
  Step 1900 | loss=0.4165 | ppl=1.5 | lr=7.33e-06 | throughput=13K tok/s | eta=4.0h
  Step 2000 | loss=0.4200 | ppl=1.5 | lr=7.21e-06 | throughput=30K tok/s | eta=1.8h
  Step 2100 | loss=0.4205 | ppl=1.5 | lr=7.09e-06 | throughput=30K tok/s | eta=1.7h
  Step 2200 | loss=0.4191 | ppl=1.5 | lr=6.97e-06 | throughput=30K tok/s | eta=1.7h
  Step 2300 | loss=0.4168 | ppl=1.5 | lr=6.85e-06 | throughput=30K tok/s | eta=1.7h
  Step 2400 | loss=0.4194 | ppl=1.5 | lr=6.73e-06 | throughput=30K tok/s | eta=1.7h
  Step 2500 | loss=0.4182 | ppl=1.5 | lr=6.61e-06 | throughput=30K tok/s | eta=1.7h
  Step 2600 | loss=0.4196 | ppl=1.5 | lr=6.49e-06 | throughput=30K tok/s | eta=1.7h
  Step 2700 | loss=0.4200 | ppl=1.5 | lr=6.38e-06 | throughput=30K tok/s | eta=1.6h
  Step 2800 | loss=0.4205 | ppl=1.5 | lr=6.26e-06 | throughput=30K tok/s | eta=1.6h
  Step 2900 | loss=0.4211 | ppl=1.5 | lr=6.15e-06 | throughput=30K tok/s | eta=1.6h
  Step 3000 | loss=0.4177 | ppl=1.5 | lr=6.04e-06 | throughput=30K tok/s | eta=1.6h
  Step 3100 | loss=0.4185 | ppl=1.5 | lr=5.93e-06 | throughput=30K tok/s | eta=1.6h
  Step 3200 | loss=0.4188 | ppl=1.5 | lr=5.82e-06 | throughput=30K tok/s | eta=1.6h
  Step 3300 | loss=0.4188 | ppl=1.5 | lr=5.71e-06 | throughput=30K tok/s | eta=1.6h
  Step 3400 | loss=0.4175 | ppl=1.5 | lr=5.60e-06 | throughput=30K tok/s | eta=1.5h
  Step 3500 | loss=0.4181 | ppl=1.5 | lr=5.49e-06 | throughput=30K tok/s | eta=1.5h
  Step 3600 | loss=0.4180 | ppl=1.5 | lr=5.38e-06 | throughput=30K tok/s | eta=1.5h
  Step 3700 | loss=0.4184 | ppl=1.5 | lr=5.28e-06 | throughput=30K tok/s | eta=1.5h
  Step 3800 | loss=0.4182 | ppl=1.5 | lr=5.17e-06 | throughput=30K tok/s | eta=1.5h
  Val | loss=0.4170 | ppl=1.5
  ✓ Saved: /root/protein_plm/output/checkpoint_step58000.pt
  ✓ Best: /root/protein_plm/output/checkpoint_step58000_best.pt
  Step 3900 | loss=0.4181 | ppl=1.5 | lr=5.07e-06 | throughput=13K tok/s | eta=3.3h
  Step 4000 | loss=0.4191 | ppl=1.5 | lr=4.97e-06 | throughput=30K tok/s | eta=1.5h
  Step 4100 | loss=0.4197 | ppl=1.5 | lr=4.86e-06 | throughput=30K tok/s | eta=1.4h
  Step 4200 | loss=0.4190 | ppl=1.5 | lr=4.76e-06 | throughput=30K tok/s | eta=1.4h
  Step 4300 | loss=0.4179 | ppl=1.5 | lr=4.66e-06 | throughput=30K tok/s | eta=1.4h
  Step 4400 | loss=0.4166 | ppl=1.5 | lr=4.56e-06 | throughput=30K tok/s | eta=1.4h
  Step 4500 | loss=0.4210 | ppl=1.5 | lr=4.47e-06 | throughput=30K tok/s | eta=1.4h
  Step 4600 | loss=0.4192 | ppl=1.5 | lr=4.37e-06 | throughput=30K tok/s | eta=1.4h
  Step 4700 | loss=0.4194 | ppl=1.5 | lr=4.27e-06 | throughput=30K tok/s | eta=1.3h
  Step 4800 | loss=0.4176 | ppl=1.5 | lr=4.18e-06 | throughput=30K tok/s | eta=1.3h
  Step 4900 | loss=0.4191 | ppl=1.5 | lr=4.09e-06 | throughput=30K tok/s | eta=1.3h
  Step 5000 | loss=0.4212 | ppl=1.5 | lr=3.99e-06 | throughput=30K tok/s | eta=1.3h
  Step 5100 | loss=0.4180 | ppl=1.5 | lr=3.90e-06 | throughput=30K tok/s | eta=1.3h
  Step 5200 | loss=0.4184 | ppl=1.5 | lr=3.81e-06 | throughput=30K tok/s | eta=1.3h
  Step 5300 | loss=0.4191 | ppl=1.5 | lr=3.72e-06 | throughput=30K tok/s | eta=1.3h
  Step 5400 | loss=0.4216 | ppl=1.5 | lr=3.63e-06 | throughput=30K tok/s | eta=1.2h
  Step 5500 | loss=0.4199 | ppl=1.5 | lr=3.55e-06 | throughput=30K tok/s | eta=1.2h
  Step 5600 | loss=0.4187 | ppl=1.5 | lr=3.46e-06 | throughput=30K tok/s | eta=1.2h
  Step 5700 | loss=0.4194 | ppl=1.5 | lr=3.37e-06 | throughput=30K tok/s | eta=1.2h
  Step 5800 | loss=0.4182 | ppl=1.5 | lr=3.29e-06 | throughput=30K tok/s | eta=1.2h
  Val | loss=0.4173 | ppl=1.5
  ✓ Saved: /root/protein_plm/output/checkpoint_step60000.pt
  Step 5900 | loss=0.4186 | ppl=1.5 | lr=3.21e-06 | throughput=13K tok/s | eta=2.6h
  Step 6000 | loss=0.4173 | ppl=1.5 | lr=3.12e-06 | throughput=30K tok/s | eta=1.1h
  Step 6100 | loss=0.4197 | ppl=1.5 | lr=3.04e-06 | throughput=30K tok/s | eta=1.1h
  Step 6200 | loss=0.4212 | ppl=1.5 | lr=2.96e-06 | throughput=30K tok/s | eta=1.1h
  Step 6300 | loss=0.4182 | ppl=1.5 | lr=2.88e-06 | throughput=30K tok/s | eta=1.1h
  Step 6400 | loss=0.4170 | ppl=1.5 | lr=2.80e-06 | throughput=30K tok/s | eta=1.1h
  Step 6500 | loss=0.4173 | ppl=1.5 | lr=2.73e-06 | throughput=30K tok/s | eta=1.1h
  Step 6600 | loss=0.4187 | ppl=1.5 | lr=2.65e-06 | throughput=30K tok/s | eta=1.1h
  Step 6700 | loss=0.4201 | ppl=1.5 | lr=2.58e-06 | throughput=30K tok/s | eta=1.0h
  Step 6800 | loss=0.4212 | ppl=1.5 | lr=2.50e-06 | throughput=30K tok/s | eta=1.0h
  Step 6900 | loss=0.4175 | ppl=1.5 | lr=2.43e-06 | throughput=30K tok/s | eta=1.0h
  Step 7000 | loss=0.4167 | ppl=1.5 | lr=2.36e-06 | throughput=30K tok/s | eta=1.0h
  Step 7100 | loss=0.4197 | ppl=1.5 | lr=2.29e-06 | throughput=30K tok/s | eta=1.0h
  Step 7200 | loss=0.4179 | ppl=1.5 | lr=2.22e-06 | throughput=30K tok/s | eta=1.0h
  Step 7300 | loss=0.4173 | ppl=1.5 | lr=2.15e-06 | throughput=30K tok/s | eta=1.0h
  Step 7400 | loss=0.4200 | ppl=1.5 | lr=2.08e-06 | throughput=30K tok/s | eta=0.9h
  Step 7500 | loss=0.4191 | ppl=1.5 | lr=2.01e-06 | throughput=30K tok/s | eta=0.9h
  Step 7600 | loss=0.4188 | ppl=1.5 | lr=1.95e-06 | throughput=30K tok/s | eta=0.9h
  Step 7700 | loss=0.4188 | ppl=1.5 | lr=1.88e-06 | throughput=30K tok/s | eta=0.9h
  Step 7800 | loss=0.4200 | ppl=1.5 | lr=1.82e-06 | throughput=30K tok/s | eta=0.9h
  Val | loss=0.4183 | ppl=1.5
  ✓ Saved: /root/protein_plm/output/checkpoint_step62000.pt
  Step 7900 | loss=0.4176 | ppl=1.5 | lr=1.76e-06 | throughput=13K tok/s | eta=2.0h
  Step 8000 | loss=0.4201 | ppl=1.5 | lr=1.70e-06 | throughput=30K tok/s | eta=0.8h
  Step 8100 | loss=0.4188 | ppl=1.5 | lr=1.64e-06 | throughput=30K tok/s | eta=0.8h
  Step 8200 | loss=0.4210 | ppl=1.5 | lr=1.58e-06 | throughput=30K tok/s | eta=0.8h
  Step 8300 | loss=0.4188 | ppl=1.5 | lr=1.52e-06 | throughput=30K tok/s | eta=0.8h
  Step 8400 | loss=0.4181 | ppl=1.5 | lr=1.46e-06 | throughput=30K tok/s | eta=0.8h
  Step 8500 | loss=0.4195 | ppl=1.5 | lr=1.41e-06 | throughput=30K tok/s | eta=0.8h
  Step 8600 | loss=0.4195 | ppl=1.5 | lr=1.35e-06 | throughput=30K tok/s | eta=0.8h
  Step 8700 | loss=0.4194 | ppl=1.5 | lr=1.30e-06 | throughput=30K tok/s | eta=0.7h
  Step 8800 | loss=0.4171 | ppl=1.5 | lr=1.24e-06 | throughput=30K tok/s | eta=0.7h
  Step 8900 | loss=0.4185 | ppl=1.5 | lr=1.19e-06 | throughput=30K tok/s | eta=0.7h
  Step 9000 | loss=0.4202 | ppl=1.5 | lr=1.14e-06 | throughput=30K tok/s | eta=0.7h
  Step 9100 | loss=0.4198 | ppl=1.5 | lr=1.09e-06 | throughput=30K tok/s | eta=0.7h
  Step 9200 | loss=0.4170 | ppl=1.5 | lr=1.04e-06 | throughput=30K tok/s | eta=0.7h
  Step 9300 | loss=0.4189 | ppl=1.5 | lr=9.97e-07 | throughput=30K tok/s | eta=0.6h
  Step 9400 | loss=0.4191 | ppl=1.5 | lr=9.50e-07 | throughput=30K tok/s | eta=0.6h
  Step 9500 | loss=0.4173 | ppl=1.5 | lr=9.05e-07 | throughput=30K tok/s | eta=0.6h
  Step 9600 | loss=0.4206 | ppl=1.5 | lr=8.61e-07 | throughput=30K tok/s | eta=0.6h
  Step 9700 | loss=0.4179 | ppl=1.5 | lr=8.18e-07 | throughput=30K tok/s | eta=0.6h
  Step 9800 | loss=0.4181 | ppl=1.5 | lr=7.76e-07 | throughput=30K tok/s | eta=0.6h
  Val | loss=0.4174 | ppl=1.5
  ✓ Saved: /root/protein_plm/output/checkpoint_step64000.pt
  Step 9900 | loss=0.4202 | ppl=1.5 | lr=7.36e-07 | throughput=13K tok/s | eta=1.3h
  Step 10000 | loss=0.4168 | ppl=1.5 | lr=6.96e-07 | throughput=30K tok/s | eta=0.5h
  Step 10100 | loss=0.4202 | ppl=1.5 | lr=6.57e-07 | throughput=30K tok/s | eta=0.5h
  Step 10200 | loss=0.4187 | ppl=1.5 | lr=6.20e-07 | throughput=30K tok/s | eta=0.5h
  Step 10300 | loss=0.4177 | ppl=1.5 | lr=5.84e-07 | throughput=30K tok/s | eta=0.5h
  Step 10400 | loss=0.4165 | ppl=1.5 | lr=5.48e-07 | throughput=30K tok/s | eta=0.5h
  Step 10500 | loss=0.4190 | ppl=1.5 | lr=5.14e-07 | throughput=30K tok/s | eta=0.5h
  Step 10600 | loss=0.4181 | ppl=1.5 | lr=4.81e-07 | throughput=30K tok/s | eta=0.4h
  Step 10700 | loss=0.4173 | ppl=1.5 | lr=4.49e-07 | throughput=30K tok/s | eta=0.4h
  Step 10800 | loss=0.4184 | ppl=1.5 | lr=4.18e-07 | throughput=30K tok/s | eta=0.4h
  Step 10900 | loss=0.4174 | ppl=1.5 | lr=3.88e-07 | throughput=30K tok/s | eta=0.4h
  Step 11000 | loss=0.4204 | ppl=1.5 | lr=3.59e-07 | throughput=30K tok/s | eta=0.4h
  Step 11100 | loss=0.4196 | ppl=1.5 | lr=3.32e-07 | throughput=30K tok/s | eta=0.4h
  Step 11200 | loss=0.4192 | ppl=1.5 | lr=3.05e-07 | throughput=30K tok/s | eta=0.4h
  Step 11300 | loss=0.4182 | ppl=1.5 | lr=2.80e-07 | throughput=30K tok/s | eta=0.3h
  Step 11400 | loss=0.4217 | ppl=1.5 | lr=2.56e-07 | throughput=30K tok/s | eta=0.3h
  Step 11500 | loss=0.4214 | ppl=1.5 | lr=2.32e-07 | throughput=30K tok/s | eta=0.3h
  Step 11600 | loss=0.4199 | ppl=1.5 | lr=2.10e-07 | throughput=30K tok/s | eta=0.3h
  Step 11700 | loss=0.4177 | ppl=1.5 | lr=1.89e-07 | throughput=30K tok/s | eta=0.3h
  Step 11800 | loss=0.4174 | ppl=1.5 | lr=1.69e-07 | throughput=30K tok/s | eta=0.3h
  Val | loss=0.4179 | ppl=1.5
  ✓ Saved: /root/protein_plm/output/checkpoint_step66000.pt
  Step 11900 | loss=0.4178 | ppl=1.5 | lr=1.51e-07 | throughput=13K tok/s | eta=0.6h
  Step 12000 | loss=0.4176 | ppl=1.5 | lr=1.33e-07 | throughput=30K tok/s | eta=0.2h
  Step 12100 | loss=0.4197 | ppl=1.5 | lr=1.16e-07 | throughput=30K tok/s | eta=0.2h
  Step 12200 | loss=0.4182 | ppl=1.5 | lr=1.01e-07 | throughput=30K tok/s | eta=0.2h
  Step 12300 | loss=0.4191 | ppl=1.5 | lr=8.64e-08 | throughput=30K tok/s | eta=0.2h
  Step 12400 | loss=0.4200 | ppl=1.5 | lr=7.31e-08 | throughput=30K tok/s | eta=0.2h
  Step 12500 | loss=0.4185 | ppl=1.5 | lr=6.09e-08 | throughput=30K tok/s | eta=0.2h
  Step 12600 | loss=0.4196 | ppl=1.5 | lr=4.99e-08 | throughput=30K tok/s | eta=0.1h
  Step 12700 | loss=0.4196 | ppl=1.5 | lr=3.99e-08 | throughput=30K tok/s | eta=0.1h
  Step 12800 | loss=0.4190 | ppl=1.5 | lr=3.11e-08 | throughput=30K tok/s | eta=0.1h
  Step 12900 | loss=0.4190 | ppl=1.5 | lr=2.33e-08 | throughput=30K tok/s | eta=0.1h
  Step 13000 | loss=0.4191 | ppl=1.5 | lr=1.67e-08 | throughput=30K tok/s | eta=0.1h
  Step 13100 | loss=0.4196 | ppl=1.5 | lr=1.12e-08 | throughput=30K tok/s | eta=0.1h
  Step 13200 | loss=0.4189 | ppl=1.5 | lr=6.75e-09 | throughput=30K tok/s | eta=0.1h
  Step 13300 | loss=0.4199 | ppl=1.5 | lr=3.43e-09 | throughput=30K tok/s | eta=0.0h
  Step 13400 | loss=0.4188 | ppl=1.5 | lr=1.23e-09 | throughput=30K tok/s | eta=0.0h
  Step 13500 | loss=0.4187 | ppl=1.5 | lr=1.33e-10 | throughput=30K tok/s | eta=0.0h

  Train (epoch avg) | loss=0.4185

============================================================
Training complete!
Best val loss: 0.4170
============================================================

=== Fitness Evaluation (CPU inference) ===
  K7V (neutral   ) | WT=1.39 | Mut=1.52 | Δ=0.13
  K7I (neutral   ) | WT=1.39 | Mut=0.40 | Δ=-0.99
  G66Y (brighter  ) | WT=1.70 | Mut=0.33 | Δ=-1.37
  G66H (dimer     ) | WT=1.70 | Mut=0.32 | Δ=-1.38
  Spearman ρ: 0.200
  ✓ Saved: /root/protein_plm/output/checkpoint_final.pt
  ✓ Best: /root/protein_plm/output/checkpoint_final_best.pt

Done!
